// Jest Snapshot v1, https://goo.gl/fbAQLP

exports[`Block renders correctly 1`] = `
<Block
  alignContent="stretch"
  alignItems="stretch"
  alignSelf="stretch"
  as="div"
  color="primary200"
  display="block"
  flex="shrink"
  flexWrap={false}
  justifyContent="start"
  overflow="visible"
  position="static"
>
  <MockStyledComponent
    $alignContent="stretch"
    $alignItems="stretch"
    $alignSelf="stretch"
    $as="div"
    $color="primary200"
    $display="block"
    $flex="shrink"
    $flexWrap={false}
    $justifyContent="start"
    $overflow="visible"
    $position="static"
  >
    <div
      styled-component="true"
    >
      test
    </div>
  </MockStyledComponent>
</Block>
`;
